<!doctype html><html><head><meta charset="utf-8" /><title>Preview geo_expected</title><link href="/assets/index.css" rel="stylesheet" /><script src="/assets/pretty_previews.js" type="module" defer></script><link href="/assets/katex.min.css" rel="stylesheet" /><script src="/assets/defs.js" type="module" defer></script></head><body class="isPreview"><div id="wrapContent"><p>The expected value of <span class="katex"><span class="katex-html" aria-hidden="true"><span class="base"><span class="strut" style="height:0.6833em;"></span><span class="enclosing" data-ref="geo_x" data-preview-anchor="/previews/geo_x.html?def§geo_x" data-hl="true"><a href="#geo_x"><span class="mord mathnormal" style="margin-right:0.07847em;">X</span></a></span></span></span></span> is <span class="katex"><span class="katex-html" aria-hidden="true"><span class="base"><span class="strut" style="height:1em;vertical-align:-0.25em;"></span><span class="enclosing" id="geo_expected"><span class="enclosing" data-ref="geo_expected" data-preview-anchor="/previews/geo_expected.html?def§geo_expected" data-hl="true"><a href="#geo_expected"><span class="mord mathnormal" style="margin-right:0.05764em;">E</span></a></span></span><span class="mopen">[</span><span class="enclosing" data-ref="geo_x" data-preview-anchor="/previews/geo_x.html?def§geo_x" data-hl="true"><a href="#geo_x"><span class="mord mathnormal" style="margin-right:0.07847em;">X</span></a></span><span class="mclose">]</span><span class="mspace" style="margin-right:0.2778em;"></span><span class="mrel">=</span><span class="mspace" style="margin-right:0.2778em;"></span></span><span class="base"><span class="strut" style="height:1.3262em;vertical-align:-0.4811em;"></span><span class="mord"><span class="mopen nulldelimiter"></span><span class="mfrac"><span class="vlist-t vlist-t2"><span class="vlist-r"><span class="vlist" style="height:0.8451em;"><span style="top:-2.655em;"><span class="pstrut" style="height:3em;"></span><span class="sizing reset-size6 size3 mtight"><span class="mord mtight"><span class="enclosing mtight" data-ref="geo_p" data-preview-anchor="/previews/geo_p.html?def§geo_p" data-hl="true"><a class="mtight" href="#geo_p"><span class="mord mathnormal mtight">p</span></a></span></span></span></span><span style="top:-3.23em;"><span class="pstrut" style="height:3em;"></span><span class="frac-line" style="border-bottom-width:0.04em;"></span></span><span style="top:-3.394em;"><span class="pstrut" style="height:3em;"></span><span class="sizing reset-size6 size3 mtight"><span class="mord mtight"><span class="mord mtight">1</span></span></span></span></span><span class="vlist-s">​</span></span><span class="vlist-r"><span class="vlist" style="height:0.4811em;"><span></span></span></span></span></span><span class="mclose nulldelimiter"></span></span><span class="mspace" style="margin-right:0.2778em;"></span><span class="mrel">=</span><span class="mspace" style="margin-right:0.2778em;"></span></span><span class="base"><span class="strut" style="height:1.3262em;vertical-align:-0.4811em;"></span><span class="mord"><span class="mopen nulldelimiter"></span><span class="mfrac"><span class="vlist-t vlist-t2"><span class="vlist-r"><span class="vlist" style="height:0.8451em;"><span style="top:-2.655em;"><span class="pstrut" style="height:3em;"></span><span class="sizing reset-size6 size3 mtight"><span class="mord mtight"><span class="mord mtight">1</span><span class="mbin mtight">−</span><span class="enclosing mtight" data-ref="geo_q" data-preview-anchor="/previews/geo_q.html?def§geo_q" data-hl="true"><a class="mtight" href="#geo_q"><span class="mord mathnormal mtight" style="margin-right:0.03588em;">q</span></a></span></span></span></span><span style="top:-3.23em;"><span class="pstrut" style="height:3em;"></span><span class="frac-line" style="border-bottom-width:0.04em;"></span></span><span style="top:-3.394em;"><span class="pstrut" style="height:3em;"></span><span class="sizing reset-size6 size3 mtight"><span class="mord mtight"><span class="mord mtight">1</span></span></span></span></span><span class="vlist-s">​</span></span><span class="vlist-r"><span class="vlist" style="height:0.4811em;"><span></span></span></span></span></span><span class="mclose nulldelimiter"></span></span></span></span></span><span class="nowrap"><a class="bib" data-ref="forbes2011statistical" data-preview-anchor="/previews/forbes2011statistical.html?def§forbes2011statistical" href="https://link.springer.com/book/10.1007/1-84628-168-7"><span class="bibText"></span>&nbsp;<span class="bibCitation">(<span style="font-variant:small-caps;"><span style="font-variant:small-caps;">Forbes</span> <span style="font-variant:normal;">et al.</span></span>, 2011)</span></a><span class="sidenoteCounter">1</span></span><span class="marginale"><span class="sidenoteCounter">1</span>Most people would actually look this up <a href="https://en.wikipedia.org/wiki/Geometric_distribution#Moments_and_cumulants">on Wikipedia</a> rather than in a textbook.</span>.</p></div></body></html>